1 dc=example,dc=com a
2 dc=example,dc=com m
3 dc=example,dc=com m
